=== Instagram Submission Worker Test ===

Γ£à Account found: cricketpulse1111 (@cricketpulse1111)
   Allowed Submitters: ["jenis_barad","rx_trp._"]
   Instagram User ID: 17841442673804407
   Has Access Token: true 

--- Test 1: GET /{ig-user-id}/tags ---
Γ£à Tags API works! Found 0 tagged media items.
   (No one has tagged this account in media yet)

--- Test 2: GET /{ig-user-id}/mentioned_media ---
Γ¥î Mentioned Media API FAILED: Unknown path components: /mentioned_media
   Code: 2500 | Type: OAuthException

=== Summary ===
For the worker to auto-publish when jenis_barad sends a reel:
  Option 1: jenis_barad should TAG @cricketpulse1111 in the reel (tag in video)
  Option 2: jenis_barad should MENTION @cricketpulse1111 in the caption
The worker checks every 5 minutes and auto-publishes matching reels.
