node : D:\insta-autogram-antigravit
y\backend\src\scripts\test-auth.js:
10
At line:1 char:1
+ node src/scripts/test-auth.js > 
test-output.txt 2>&1
+ ~~~~~~~~~~~~~~~~~~~~~~~~~~~~~~~~~
~~~~~~~~~~~~~~~~~~~
    + CategoryInfo          : NotS 
   pecified: (D:\insta-autogr...t  
  est-auth.js:10:String) [], Rem   
 oteException
    + FullyQualifiedErrorId : Nati 
   veCommandError
 
            const res = await axios
.post(\`\${API_URL}/auth/register\`
, {
                                   
      ^

SyntaxError: Invalid or unexpected 
token
    at internalCompileFunction 
(node:internal/vm:128:18)
    at wrapSafe (node:internal/modu
les/cjs/loader:1280:20)
    at Module._compile (node:intern
al/modules/cjs/loader:1332:27)
    at Module._extensions..js (node
:internal/modules/cjs/loader:1427:1
0)
    at Module.load (node:internal/m
odules/cjs/loader:1206:32)
    at Module._load (node:internal/
modules/cjs/loader:1022:12)
    at 
Function.executeUserEntryPoint [as 
runMain] (node:internal/modules/run
_main:135:12)
    at node:internal/main/run_main_
module:28:49

Node.js v20.12.2
